
houss@DESKTOP-1DMFUJE MINGW64 ~/Desktop/learn_git_again (master)
$ touch third.txt

houss@DESKTOP-1DMFUJE MINGW64 ~/Desktop/learn_git_again (master)
$ git init
Initialized empty Git repository in C:/Users/houss/Desktop/learn_git_again/.git/

houss@DESKTOP-1DMFUJE MINGW64 ~/Desktop/learn_git_again (master)
$ git add third.txt

houss@DESKTOP-1DMFUJE MINGW64 ~/Desktop/learn_git_again (master)
$ git commit -m "adding third.txt"
[master (root-commit) fd29e28] adding third.txt
 1 file changed, 0 insertions(+), 0 deletions(-)
 create mode 100644 third.txt

houss@DESKTOP-1DMFUJE MINGW64 ~/Desktop/learn_git_again (master)
$ git log
commit fd29e2812020441f22a9aa81476a5f8df693fb53 (HEAD -> master)
Author: houssem boukari <houssemliver1@outlook.com>
Date:   Wed Nov 25 16:34:25 2020 +0100

    adding third.txt

houss@DESKTOP-1DMFUJE MINGW64 ~/Desktop/learn_git_again (master)
$ touch fourth.txt

houss@DESKTOP-1DMFUJE MINGW64 ~/Desktop/learn_git_again (master)
$ git add fourth.txt

houss@DESKTOP-1DMFUJE MINGW64 ~/Desktop/learn_git_again (master)
$ git commit -m "adding fourth.txt"
[master 69c8f4f] adding fourth.txt
 1 file changed, 0 insertions(+), 0 deletions(-)
 create mode 100644 fourth.txt

houss@DESKTOP-1DMFUJE MINGW64 ~/Desktop/learn_git_again (master)
$ git rm --cached third.txt
rm 'third.txt'

houss@DESKTOP-1DMFUJE MINGW64 ~/Desktop/learn_git_again (master)
$ git commit -m "update"
[master f1b104d] update
 1 file changed, 0 insertions(+), 0 deletions(-)
 delete mode 100644 third.txt

houss@DESKTOP-1DMFUJE MINGW64 ~/Desktop/learn_git_again (master)
$ git log
commit f1b104de5654f8cfc3cfcf1d7bb17512c9241fa0 (HEAD -> master)
Author: houssem boukari <houssemliver1@outlook.com>
Date:   Wed Nov 25 16:38:41 2020 +0100

    update

commit 69c8f4f6286684fbcb5260f84fa3903dd0e0063c
Author: houssem boukari <houssemliver1@outlook.com>
Date:   Wed Nov 25 16:37:21 2020 +0100

    adding fourth.txt

commit fd29e2812020441f22a9aa81476a5f8df693fb53
Author: houssem boukari <houssemliver1@outlook.com>
Date:   Wed Nov 25 16:34:25 2020 +0100

    adding third.txt

houss@DESKTOP-1DMFUJE MINGW64 ~/Desktop/learn_git_again (master)
$ git commit -m "removing third.txt"
On branch master
Untracked files:
  (use "git add <file>..." to include in what will be committed)
        third.txt

nothing added to commit but untracked files present (use "git add" to track)

houss@DESKTOP-1DMFUJE MINGW64 ~/Desktop/learn_git_again (master)
$ ls
fourth.txt  third.txt

houss@DESKTOP-1DMFUJE MINGW64 ~/Desktop/learn_git_again (master)
$ git rm third.txt
fatal: pathspec 'third.txt' did not match any files

houss@DESKTOP-1DMFUJE MINGW64 ~/Desktop/learn_git_again (master)
$ git log
commit f1b104de5654f8cfc3cfcf1d7bb17512c9241fa0 (HEAD -> master)
Author: houssem boukari <houssemliver1@outlook.com>
Date:   Wed Nov 25 16:38:41 2020 +0100

    update

commit 69c8f4f6286684fbcb5260f84fa3903dd0e0063c
Author: houssem boukari <houssemliver1@outlook.com>
Date:   Wed Nov 25 16:37:21 2020 +0100

    adding fourth.txt

commit fd29e2812020441f22a9aa81476a5f8df693fb53
Author: houssem boukari <houssemliver1@outlook.com>
Date:   Wed Nov 25 16:34:25 2020 +0100

    adding third.txt

houss@DESKTOP-1DMFUJE MINGW64 ~/Desktop/learn_git_again (master)
$ git config --global core.pager=cat
error: invalid key: core.pager=cat

houss@DESKTOP-1DMFUJE MINGW64 ~/Desktop/learn_git_again (master)
$ git config --global core.pager "cat"

houss@DESKTOP-1DMFUJE MINGW64 ~/Desktop/learn_git_again (master)
$ git config --list
diff.astextplain.textconv=astextplain
filter.lfs.clean=git-lfs clean -- %f
filter.lfs.smudge=git-lfs smudge -- %f
filter.lfs.process=git-lfs filter-process
filter.lfs.required=true
http.sslbackend=openssl
http.sslcainfo=C:/Program Files/Git/mingw64/ssl/certs/ca-bundle.crt
core.autocrlf=true
core.fscache=true
core.symlinks=false
pull.rebase=false
credential.helper=manager-core
credential.https://dev.azure.com.usehttppath=true
user.email=houssemliver1@outlook.com
core.pager=cat
core.repositoryformatversion=0
core.filemode=false
core.bare=false
core.logallrefupdates=true
core.symlinks=false
core.ignorecase=true

houss@DESKTOP-1DMFUJE MINGW64 ~/Desktop/learn_git_again (master)
$ git config --global user.email
houssemliver1@outlook.com
